{
  "comparisons": [
    {
      "table": "china_301_list1_membership",
      "matched": 856,
      "generated_only": 0,
      "oracle_only": 4
    },
    {
      "table": "china_301_list2_membership",
      "matched": 283,
      "generated_only": 0,
      "oracle_only": 4
    },
    {
      "table": "china_301_list3_membership",
      "matched": 5906,
      "generated_only": 0,
      "oracle_only": 284
    },
    {
      "table": "china_301_list4a_membership",
      "matched": 2963,
      "generated_only": 0,
      "oracle_only": 4
    },
    {
      "table": "s201",
      "matched": 1,
      "generated_only": 0,
      "oracle_only": 2
    },
    {
      "table": "s122_unconditional",
      "matched": 1111,
      "generated_only": 0,
      "oracle_only": 4
    },
    {
      "table": "s122_gn6",
      "matched": 540,
      "generated_only": 6,
      "oracle_only": 1
    }
  ],
  "disposition_census": {
    "partial-value scope": 24,
    "statistical-level": 2,
    "vintage": 283
  },
  "unknown": []
}
